aarchup
acpi
acpid
acpilight
alacritty
alsa-plugins
alsa-tools
alsa-utils
alttab
arc-icon-theme
archiso
autoconf
autokey-gtk
automake
b43-firmware
b43-fwcutter
base
bash-completion
bat
betterdiscord-installer
binutils
bison
blueberry
bluez
bluez-utils
bridge-utils
caprine
chromium
clipmenu
connman
copyq
cpupower
cpupower-gui
cronie
darktable
digikam
discord
dmenu
dnslookup-bin
dnsmasq
docker
downgrade
duf
ebtables
element-desktop
equilux-theme
etcher-bin
evernote-beta-bin
evince
expac
expressvpn
fakeroot
file
findutils
firefox
fish
flameshot
flex
fontforge
fortune-mod-chucknorris
fuseiso
fusesmb
fzf-tab-completion-git
fzf-tab-git
gawk
gcc
gdu
gettext
giara
gimp
git
glances
gparted
gphoto2
gptfdisk
grep
groff
grub
grub-customizer
gthumb
gzip
hardinfo
hwinfo
hyphen-nl
i3-gaps
i3blocks
i3icons2-git
i3lock
i3status
ice-ssb
informant
instantos
insync
inxi
ix
jotta-cli
kalu
kphotoalbum
libguestfs
libhandy
libreoffice-fresh
libtool
libxft-bgra
liferea
lightdm
lightdm-gtk-greeter
lightdm-gtk-greeter-settings
linux
linux-firmware
linux-headers
lxappearance
m4
make
meld
modprobed-db
mpd
mpv
ncdu
neatimage
nemo
nemo-share
neofetch
neovim-qt
network-manager-applet
networkmanager
newsflash
nitrogen
nomachine
noto-fonts
noto-fonts-cjk
noto-fonts-emoji
noto-fonts-extra
ntfs-3g
nvidia
obs-studio
octopi
oh-my-zsh-powerline-theme-git
openbsd-netcat
os-prober
otf-font-awesome
p7zip
pacman
pamac-all
pamixer
pantheon-photos
paru
patch
pavucontrol
pcloud-drive
picom-jonaburg-git
pkgconf
playerctl
polkit-gnome
powerline
powertop
pulseaudio-bluetooth
pwrnotify
python-fontawesome
python-pip
python2-pip
qemu
quickgui-bin
quiterss-git
rambox-pro-bin-beta
raven-reader-bin
rawtherapee
rclone
rdesktop
realvnc-vnc-viewer
refind
reflector
ripcord
rofi
rpi-imager
rsync
s2argv-execs-git
sed
shotwell
slack-desktop
slstatus-git
smartmontools
spacefm
spotify
spotifyd
stalonetray
sudo
sxhkd
syncthing
teams
telegram-desktop
termite
texinfo
tlp
transmission-qt
transmission-remote-cli-git
transmission-remote-gtk
transmission-remote-gui-bin
ttf-dejavu
ttf-meslo-nerd-font-powerlevel10k
tusk
tweetdeck-desktop
unicode-character-database
unrar
variety
vde2
vim
virt-manager
virt-viewer
vivaldi
vivaldi-snapshot
whatever
whatsapp-for-linux
whatsapp-nativefier
which
x86_energy_perf_policy
xarchiver
xdo
xf86-video-vesa
xfce4-power-manager
xorg-bdftopcf
xorg-docs
xorg-font-util
xorg-fonts-100dpi
xorg-fonts-75dpi
xorg-fonts-alias-misc
xorg-fonts-encodings
xorg-fonts-misc
xorg-iceauth
xorg-mkfontscale
xorg-server
xorg-server-common
xorg-server-devel
xorg-server-xephyr
xorg-server-xnest
xorg-server-xvfb
xorg-sessreg
xorg-setxkbmap
xorg-smproxy
xorg-x11perf
xorg-xauth
xorg-xcmsdb
xorg-xcursorgen
xorg-xdpyinfo
xorg-xdriinfo
xorg-xev
xorg-xgamma
xorg-xhost
xorg-xinit
xorg-xinput
xorg-xkbcomp
xorg-xkbevd
xorg-xkbutils
xorg-xkill
xorg-xlsatoms
xorg-xlsclients
xorg-xmodmap
xorg-xpr
xorg-xprop
xorg-xrandr
xorg-xrdb
xorg-xrefresh
xorg-xset
xorg-xsetroot
xorg-xvinfo
xorg-xwayland
xorg-xwd
xorg-xwininfo
xorg-xwud
xsel
yay
zathura
zip
zsh
zsh-completions
zsh-theme-powerlevel10k
